2025-08-04 12:57:31,573 - INFO - Iniciando loop de agendamento autônomo...
2025-08-04 12:57:41,155 - INFO - Iniciando ciclo autônomo da Geração 0
2025-08-04 12:57:42,722 - INFO - Evoluindo a solução para o tópico: variable
2025-08-04 13:02:09,369 - INFO - Iniciando loop de agendamento autônomo...
2025-08-04 13:02:21,963 - INFO - Iniciando ciclo autônomo da Geração 0
2025-08-04 13:02:23,818 - INFO - Evoluindo a solução para o tópico: dictionary
2025-08-04 13:06:43,350 - INFO - Iniciando loop de agendamento autônomo...
2025-08-04 13:06:57,126 - INFO - Iniciando ciclo autônomo da Geração 0
2025-08-04 13:06:58,303 - INFO - Evoluindo a solução para o tópico: dictionary
2025-08-04 13:14:07,511 - INFO - Iniciando loop de agendamento autônomo...
2025-08-04 13:14:20,146 - INFO - Iniciando ciclo autônomo da Geração 0
2025-08-04 13:14:22,013 - INFO - Evoluindo a solução para o tópico: dictionary
2025-08-04 13:15:22,015 - INFO - Iniciando ciclo autônomo da Geração 1
2025-08-04 13:15:24,020 - INFO - Evoluindo a solução para o tópico: file handling
2025-08-04 13:16:24,022 - INFO - Iniciando ciclo autônomo da Geração 2
2025-08-04 13:16:26,325 - INFO - Evoluindo a solução para o tópico: algorithm
2025-08-04 13:17:26,330 - INFO - Iniciando ciclo autônomo da Geração 3
2025-08-04 13:17:28,691 - INFO - Evoluindo a solução para o tópico: api development
2025-08-04 13:18:28,693 - INFO - Iniciando ciclo autônomo da Geração 4
2025-08-04 13:18:29,966 - INFO - Evoluindo a solução para o tópico: function
2025-08-04 13:19:19,078 - INFO - Nenhum arquivo knowledge.json encontrado. Iniciando com memórias vazias.
2025-08-04 13:19:19,079 - INFO - Iniciando loop de agendamento autônomo...
2025-08-04 13:19:24,235 - INFO - Conhecimento salvo. 8 memórias armazenadas.
2025-08-04 13:19:24,236 - INFO - Iniciando ciclo autônomo da Geração 0
2025-08-04 13:20:06,857 - INFO - Conhecimento carregado. 8 memórias recuperadas.
2025-08-04 13:20:06,858 - INFO - Iniciando loop de agendamento autônomo...
2025-08-04 13:20:06,858 - INFO - Iniciando ciclo autônomo da Geração 0
2025-08-04 13:20:07,861 - INFO - Evoluindo a solução para o tópico: condition
2025-08-04 13:20:07,867 - INFO - Conhecimento salvo. 9 memórias armazenadas.
2025-08-04 13:21:07,869 - INFO - Iniciando ciclo autônomo da Geração 1
2025-08-04 13:21:09,136 - INFO - Evoluindo a solução para o tópico: class
2025-08-04 13:21:09,141 - INFO - Conhecimento salvo. 12 memórias armazenadas.
2025-08-04 13:22:09,144 - INFO - Iniciando ciclo autônomo da Geração 2
2025-08-04 13:22:10,632 - INFO - Evoluindo a solução para o tópico: async
2025-08-04 13:22:10,638 - INFO - Conhecimento salvo. 15 memórias armazenadas.
2025-08-04 13:23:10,640 - INFO - Iniciando ciclo autônomo da Geração 3
2025-08-04 13:23:11,533 - INFO - Evoluindo a solução para o tópico: machine learning
2025-08-04 13:23:11,540 - INFO - Conhecimento salvo. 16 memórias armazenadas.
2025-08-04 13:24:11,542 - INFO - Iniciando ciclo autônomo da Geração 4
2025-08-04 13:24:12,726 - INFO - Evoluindo a solução para o tópico: dictionary
2025-08-04 13:24:12,733 - INFO - Conhecimento salvo. 19 memórias armazenadas.
2025-08-04 13:25:12,735 - INFO - Iniciando ciclo autônomo da Geração 5
2025-08-04 13:25:14,449 - INFO - Evoluindo a solução para o tópico: exception
2025-08-04 13:25:14,459 - INFO - Conhecimento salvo. 22 memórias armazenadas.
2025-08-04 13:26:14,462 - INFO - Iniciando ciclo autônomo da Geração 6
2025-08-04 13:26:16,606 - INFO - Evoluindo a solução para o tópico: generator
2025-08-04 13:26:16,614 - INFO - Conhecimento salvo. 25 memórias armazenadas.
2025-08-04 13:27:16,615 - INFO - Iniciando ciclo autônomo da Geração 7
2025-08-04 13:27:17,723 - INFO - Evoluindo a solução para o tópico: database
2025-08-04 13:27:17,730 - INFO - Conhecimento salvo. 28 memórias armazenadas.
